// Jest Snapshot v1, https://goo.gl/fbAQLP

exports[`<Tab /> renders correctly 1`] = `
<Text>
  1
</Text>
`;
