// Jest Snapshot v1, https://goo.gl/fbAQLP

exports[`build util creates correctly render method 1`] = `
<Text
  accessible={true}
  allowFontScaling={true}
  ellipsizeMode="tail"
>
  /
</Text>
`;
